
> career-guidance@0.1.0 build
> next build

▲ Next.js 16.1.6 (Turbopack)
- Environments: .env
- Experiments (use with caution):
  · cpus: 2

⚠ The "middleware" file convention is deprecated. Please use "proxy" instead. Learn more: https://nextjs.org/docs/messages/middleware-to-proxy
  Creating an optimized production build ...
✓ Compiled successfully in 65s
  Running TypeScript ...
  Collecting page data using 2 workers ...
  Generating static pages using 2 workers (0/375) ...
  Generating static pages using 2 workers (93/375) 
  Generating static pages using 2 workers (187/375) 
  Generating static pages using 2 workers (281/375) 
[BhutanEduSkill] [ERROR] Failed to load exam results: Error: Dynamic server usage: Route /school-admin/results couldn't be rendered statically because it used `headers`. See more info here: https://nextjs.org/docs/messages/dynamic-server-error
    at async j (D:\VS STUDIO PROJECT\bhutaneduskill\.next\server\chunks\ssr\src_lib_api_school-admin_ts_87b401ef._.js:1:224)
    at async n (D:\VS STUDIO PROJECT\bhutaneduskill\.next\server\chunks\ssr\src_lib_api_school-admin_ts_87b401ef._.js:1:1035)
    at async f (D:\VS STUDIO PROJECT\bhutaneduskill\.next\server\chunks\ssr\[root-of-the-server]__ba92f6a5._.js:1:1471) {
  description: "Route /school-admin/results couldn't be rendered statically because it used `headers`. See more info here: https://nextjs.org/docs/messages/dynamic-server-error",
  digest: 'DYNAMIC_SERVER_USAGE'
} 
✓ Generating static pages using 2 workers (375/375) in 9.3s
  Finalizing page optimization ...

Route (app)
┌ ○ /
├ ○ /_not-found
├ ○ /about
├ ○ /admin
├ ○ /admin/analytics
├ ○ /admin/assessments
├ ○ /admin/billing
├ ○ /admin/careers
├ ƒ /admin/content
├ ○ /admin/content/colleges
├ ○ /admin/content/programs
├ ○ /admin/content/scholarships
├ ○ /admin/counselors
├ ○ /admin/notifications
├ ○ /admin/partners
├ ƒ /admin/partners/[id]
├ ƒ /admin/permissions
├ ○ /admin/reports
├ ƒ /admin/roles
├ ƒ /admin/schools
├ ƒ /admin/schools/[id]
├ ○ /admin/settings
├ ○ /admin/support
├ ○ /admin/system-status
├ ○ /admin/teachers
├ ○ /admin/users
├ ƒ /admin/users/[id]
├ ○ /admin/verification
├ ƒ /api/admin/analytics-data
├ ƒ /api/admin/analytics-data/export
├ ƒ /api/admin/analytics-data/schools
├ ƒ /api/admin/content/colleges
├ ƒ /api/admin/content/programs
├ ƒ /api/admin/content/programs/[id]
├ ƒ /api/admin/content/scholarships
├ ƒ /api/admin/content/sync
├ ƒ /api/admin/dashboard
├ ƒ /api/admin/insights
├ ƒ /api/admin/notifications
├ ƒ /api/admin/notifications/[notificationId]
├ ƒ /api/admin/notifications/send
├ ƒ /api/admin/partners
├ ƒ /api/admin/partners/[partnerId]
├ ƒ /api/admin/partners/[partnerId]/analytics
├ ƒ /api/admin/partners/[partnerId]/commissions
├ ƒ /api/admin/partners/[partnerId]/commissions/[commissionId]
├ ƒ /api/admin/partners/[partnerId]/invite
├ ƒ /api/admin/partners/[partnerId]/statistics
├ ƒ /api/admin/partners/batch
├ ƒ /api/admin/permissions
├ ƒ /api/admin/reports
├ ƒ /api/admin/roles
├ ƒ /api/admin/roles/[roleId]/permissions
├ ƒ /api/admin/roles/[roleId]/users
├ ƒ /api/admin/schools/[id]
├ ƒ /api/admin/settings
├ ƒ /api/admin/stats/realtime
├ ƒ /api/admin/support
├ ƒ /api/admin/support/[id]
├ ƒ /api/admin/support/[id]/responses
├ ƒ /api/admin/support/agents
├ ƒ /api/admin/system-status
├ ƒ /api/admin/users
├ ƒ /api/admin/users/[userId]
├ ƒ /api/admin/users/[userId]/verify
├ ƒ /api/admin/users/batch
├ ƒ /api/ai/career-coach
├ ƒ /api/ai/career-predictor
├ ƒ /api/ai/essay-reviewer
├ ƒ /api/ai/insights
├ ƒ /api/ai/interview-coach
├ ƒ /api/ai/mood-tracker
├ ƒ /api/ai/platform-assistant
├ ƒ /api/ai/rub-predictor
├ ƒ /api/ai/scholarships
├ ƒ /api/ai/skill-gap
├ ƒ /api/ai/study-planner
├ ƒ /api/announcements
├ ƒ /api/assessment-submissions
├ ƒ /api/assessment-submissions/[id]
├ ƒ /api/assessment-types
├ ƒ /api/assessments
├ ƒ /api/assessments/disc
├ ƒ /api/assessments/learning-styles
├ ƒ /api/assessments/mbti
├ ƒ /api/assessments/riasec
├ ƒ /api/assessments/work-values
├ ƒ /api/auth/set-role
├ ƒ /api/bcse/registrations
├ ƒ /api/bcse/results/import
├ ƒ /api/billing/invoices
├ ƒ /api/billing/invoices/[invoiceId]
├ ƒ /api/billing/subscriptions
├ ƒ /api/billing/subscriptions/[subscriptionId]
├ ƒ /api/careers
├ ƒ /api/certificates/[assessmentId]
├ ƒ /api/classes
├ ƒ /api/classes/[classId]/enrollments
├ ƒ /api/classes/[classId]/enrollments/[studentId]
├ ƒ /api/classes/[classId]/teachers
├ ƒ /api/classes/[id]
├ ƒ /api/communication/announcements
├ ƒ /api/communication/announcements/[id]
├ ƒ /api/communication/messages
├ ƒ /api/consent
├ ƒ /api/consent/[id]
├ ƒ /api/counselor-notes
├ ƒ /api/counselor-notes/[id]
├ ƒ /api/counselor/assessments/results
├ ƒ /api/counselor/dashboard
├ ƒ /api/counselor/interventions
├ ƒ /api/counselor/interventions/[id]
├ ƒ /api/counselor/resources
├ ƒ /api/counselor/resources/share
├ ƒ /api/counselor/sessions
├ ƒ /api/counselor/sessions/[id]
├ ƒ /api/counselor/students
├ ƒ /api/create-admin
├ ƒ /api/data-export
├ ƒ /api/events
├ ƒ /api/events/[id]/register
├ ƒ /api/files/[id]
├ ƒ /api/files/upload
├ ƒ /api/hostel
├ ƒ /api/hostel/allocations
├ ƒ /api/id-card
├ ƒ /api/inventory/alerts
├ ƒ /api/inventory/assignments
├ ƒ /api/inventory/categories
├ ƒ /api/inventory/items
├ ƒ /api/inventory/maintenance
├ ƒ /api/inventory/procurement
├ ƒ /api/inventory/settings
├ ƒ /api/inventory/transactions
├ ƒ /api/inventory/vendors
├ ƒ /api/journal
├ ƒ /api/journal/[id]
├ ƒ /api/leave
├ ƒ /api/leave/[id]
├ ƒ /api/library
├ ƒ /api/library/books
├ ƒ /api/library/circulation
├ ƒ /api/library/fines
├ ƒ /api/library/issue
├ ƒ /api/library/members
├ ƒ /api/library/reservations
├ ƒ /api/library/stats
├ ƒ /api/marketing/schools
├ ƒ /api/marketing/testimonials
├ ƒ /api/ministry/analytics
├ ƒ /api/ministry/analytics/export
├ ƒ /api/ministry/billing
├ ƒ /api/ministry/billing/invoices/[invoiceId]
├ ƒ /api/ministry/billing/payments
├ ƒ /api/ministry/dashboard
├ ƒ /api/ministry/schools
├ ƒ /api/ministry/schools/[id]
├ ƒ /api/notices
├ ƒ /api/notifications/my-notifications
├ ƒ /api/notifications/my-notifications/unread-count
├ ƒ /api/parent/assessments
├ ƒ /api/parent/attendance
├ ƒ /api/parent/career-matches
├ ƒ /api/parent/career-plan
├ ƒ /api/parent/children
├ ƒ /api/parent/contacts
├ ƒ /api/parent/dashboard
├ ƒ /api/parent/documents
├ ƒ /api/parent/documents/upload
├ ƒ /api/parent/homework
├ ƒ /api/parent/report-cards
├ ƒ /api/parent/report-cards/download
├ ƒ /api/parent/riasec-results
├ ƒ /api/parent/transport
├ ƒ /api/payments/rma/initiate
├ ƒ /api/payments/rma/webhook
├ ƒ /api/plans
├ ƒ /api/plans/[id]
├ ƒ /api/reports
├ ƒ /api/reports/attendance/[studentId]
├ ƒ /api/reports/fees/collection
├ ƒ /api/reports/generate
├ ƒ /api/reports/report-card
├ ƒ /api/results
├ ƒ /api/results/[id]
├ ƒ /api/rub/applications
├ ƒ /api/rub/colleges
├ ƒ /api/rub/predictor
├ ƒ /api/rub/programs
├ ƒ /api/saved-careers
├ ƒ /api/scholarships
├ ƒ /api/school-admin/attendance/bulk-import
├ ƒ /api/school-admin/bcse-registrations
├ ƒ /api/school-admin/branding
├ ƒ /api/school-admin/data-export
├ ƒ /api/school-admin/fees/defaulters
├ ƒ /api/school-admin/fees/payments
├ ƒ /api/school-admin/fees/structures
├ ƒ /api/school-admin/fees/structures/[id]
├ ƒ /api/school-admin/id-cards
├ ƒ /api/school-admin/medical
├ ƒ /api/school-admin/medical/allergies
├ ƒ /api/school-admin/medical/inventory
├ ƒ /api/school-admin/medical/referrals
├ ƒ /api/school-admin/medical/vaccinations
├ ƒ /api/school-admin/payroll
├ ƒ /api/school-admin/payroll/[id]
├ ƒ /api/school-admin/payroll/run
├ ƒ /api/school-admin/report-cards
├ ƒ /api/school-admin/report-cards/generate
├ ƒ /api/school-admin/settings
├ ƒ /api/school-admin/settings/academic-years/[id]
├ ƒ /api/school-admin/settings/bell-schedules/[id]
├ ƒ /api/school-admin/subjects
├ ƒ /api/school-admin/subjects/[id]
├ ƒ /api/school-admin/teachers
├ ƒ /api/school-admin/timetable
├ ƒ /api/school-admin/timetable/[id]
├ ƒ /api/schools
├ ƒ /api/schools/[id]
├ ƒ /api/schools/lookup
├ ƒ /api/schools/search
├ ƒ /api/schools/verify-code
├ ƒ /api/setup/admin
├ ƒ /api/setup/complete
├ ƒ /api/setup/counselor
├ ƒ /api/setup/import
├ ƒ /api/setup/ministry
├ ƒ /api/setup/parent
├ ƒ /api/setup/school-admin
├ ƒ /api/setup/student
├ ƒ /api/setup/teacher
├ ƒ /api/skills
├ ƒ /api/skills/count
├ ƒ /api/student/assessment-profile
├ ƒ /api/student/attendance
├ ƒ /api/student/attendance/check-in
├ ƒ /api/student/attendance/my-records
├ ƒ /api/student/bcse-results
├ ƒ /api/student/bcse-scholarships
├ ƒ /api/student/classes
├ ƒ /api/student/content/colleges
├ ƒ /api/student/content/scholarships/matched
├ ƒ /api/student/fees
├ ƒ /api/student/homework
├ ƒ /api/student/homework/[id]
├ ƒ /api/student/homework/[id]/draft
├ ƒ /api/student/homework/[id]/feedback
├ ƒ /api/student/medical
├ ƒ /api/student/medical/vaccinations
├ ƒ /api/student/medical/visits
├ ƒ /api/student/modules
├ ƒ /api/student/modules/[id]
├ ƒ /api/student/modules/[id]/certificate
├ ƒ /api/student/modules/[id]/complete
├ ƒ /api/student/modules/[id]/progress
├ ƒ /api/student/modules/[id]/recommendations
├ ƒ /api/student/onboarding/status
├ ƒ /api/student/results
├ ƒ /api/student/rub-applications
├ ƒ /api/student/scholarship-applications
├ ƒ /api/student/settings
├ ƒ /api/students/search
├ ƒ /api/study-abroad
├ ƒ /api/subscriptions/checkout
├ ƒ /api/teacher/attendance
├ ƒ /api/teacher/attendance/[classId]/[date]
├ ƒ /api/teacher/attendance/history
├ ƒ /api/teacher/dashboard
├ ƒ /api/teacher/homework
├ ƒ /api/teacher/homework/[id]
├ ƒ /api/teacher/homework/[id]/submissions
├ ƒ /api/teacher/homework/[id]/submissions/[submissionId]
├ ƒ /api/teacher/live-sessions
├ ƒ /api/teacher/modules
├ ƒ /api/teacher/modules/[id]
├ ƒ /api/teacher/payslips
├ ƒ /api/teacher/payslips/[id]/pdf
├ ƒ /api/teacher/reports
├ ƒ /api/teacher/schedule
├ ƒ /api/teacher/students
├ ƒ /api/teachers
├ ƒ /api/timetable/generate
├ ƒ /api/transport
├ ƒ /api/transport/allocations
├ ƒ /api/transport/drivers
├ ƒ /api/transport/notifications
├ ƒ /api/transport/routes
├ ƒ /api/transport/tracking/[vehicleId]
├ ƒ /api/transport/vehicles
├ ƒ /api/tuition/courses
├ ƒ /api/tuition/courses/[id]
├ ƒ /api/tuition/enrollments
├ ƒ /api/tuition/sessions
├ ƒ /api/tuition/sessions/[id]
├ ƒ /api/tuition/tutors
├ ƒ /api/tuition/tutors/[id]
├ ƒ /api/user/profile
├ ƒ /api/users
├ ƒ /api/users/[id]
├ ƒ /api/verification/ministry
├ ƒ /api/verification/school
├ ƒ /api/verification/verify-domain
├ ○ /calendar
├ ○ /contact
├ ○ /counselor
├ ○ /counselor/assessments
├ ○ /counselor/data-export
├ ○ /counselor/interventions
├ ○ /counselor/notes
├ ○ /counselor/plans
├ ○ /counselor/reports
├ ○ /counselor/resources
├ ○ /counselor/schedule
├ ○ /counselor/sessions
├ ○ /counselor/students
├ ƒ /counselor/students/[id]
├ ƒ /debug-auth
├ ○ /events
├ ○ /faq
├ ○ /ministry
├ ○ /ministry/analytics
├ ○ /ministry/billing
├ ○ /ministry/notifications
├ ○ /ministry/policies
├ ○ /ministry/schools
├ ○ /parent
├ ○ /parent/assessments
├ ○ /parent/attendance
├ ○ /parent/careers
├ ○ /parent/children
├ ○ /parent/communication
├ ○ /parent/consent
├ ○ /parent/dashboard
├ ○ /parent/documents
├ ○ /parent/fees/pay
├ ○ /parent/homework
├ ○ /parent/medical
├ ○ /parent/progress
├ ○ /parent/report-cards
├ ○ /parent/transport
├ ○ /robots.txt
├ ○ /school-admin
├ ƒ /school-admin/analytics
├ ƒ /school-admin/announcements
├ ƒ /school-admin/attendance
├ ○ /school-admin/bcse
├ ƒ /school-admin/classes
├ ƒ /school-admin/classes/[id]
├ ƒ /school-admin/classes/[id]/students
├ ○ /school-admin/classes/create
├ ƒ /school-admin/counselors
├ ƒ /school-admin/dashboard
├ ○ /school-admin/events
├ ƒ /school-admin/fees
├ ○ /school-admin/homework
├ ○ /school-admin/id-cards
├ ○ /school-admin/infirmary
├ ○ /school-admin/infirmary/inventory
├ ○ /school-admin/infirmary/referrals
├ ○ /school-admin/infirmary/vaccinations
├ ○ /school-admin/infirmary/visits
├ ƒ /school-admin/inventory
├ ○ /school-admin/leave-approvals
├ ○ /school-admin/library
├ ○ /school-admin/payroll
├ ○ /school-admin/report-cards
├ ○ /school-admin/reports
├ ƒ /school-admin/results
├ ○ /school-admin/settings
├ ○ /school-admin/students
├ ƒ /school-admin/students/[id]
├ ○ /school-admin/students/create
├ ƒ /school-admin/subjects
├ ƒ /school-admin/teachers
├ ○ /school-admin/teachers/create
├ ○ /school-admin/timetable
├ ○ /school-admin/transport
├ ƒ /school-admin/tuition
├ ƒ /setup
├ ƒ /setup/ministry
├ ƒ /setup/unified
├ ƒ /sign-in/[[...sign-in]]
├ ○ /sign-out
├ ƒ /sign-up/[[...sign-up]]
├ ○ /sign-up/ministry
├ ○ /sign-up/principal
├ ○ /sitemap.xml
├ ○ /student
├ ○ /student/achievements
├ ƒ /student/announcements
├ ○ /student/assessment
├ ○ /student/assessment/disc
├ ○ /student/assessment/learning-styles
├ ○ /student/assessment/mbti
├ ○ /student/assessment/riasec
├ ○ /student/assessment/spark-advanced
├ ○ /student/assessment/spark-basic
├ ○ /student/assessment/spark-lite
├ ○ /student/assessment/work-values
├ ○ /student/attendance
├ ○ /student/bcse-results
├ ○ /student/careers
├ ○ /student/classes
├ ○ /student/dashboard
├ ○ /student/fees
├ ○ /student/homework
├ ƒ /student/homework/[id]/feedback
├ ○ /student/hostel
├ ○ /student/id-card
├ ○ /student/journal
├ ○ /student/learning
├ ƒ /student/learning/[id]/certificate
├ ○ /student/leave
├ ○ /student/library
├ ○ /student/medical
├ ○ /student/modules
├ ○ /student/monetize
├ ○ /student/plan
├ ƒ /student/progress
├ ○ /student/results
├ ○ /student/roadmap
├ ○ /student/rub
├ ○ /student/rub/applications
├ ○ /student/rub/predictor
├ ○ /student/saved
├ ○ /student/scholarships
├ ○ /student/settings
├ ○ /student/skills
├ ○ /student/study-abroad
├ ○ /student/transport
├ ○ /student/tuition
├ ○ /teacher
├ ○ /teacher/assessments
├ ○ /teacher/attendance
├ ○ /teacher/classes
├ ○ /teacher/dashboard
├ ƒ /teacher/earnings
├ ○ /teacher/homework
├ ƒ /teacher/homework/[id]/grade
├ ○ /teacher/homework/create
├ ○ /teacher/learning
├ ○ /teacher/learning/create
├ ○ /teacher/leave
├ ○ /teacher/live-sessions
├ ○ /teacher/payslips
├ ○ /teacher/reports
├ ○ /teacher/schedule
├ ○ /teacher/students
└ ƒ /teacher/students/[id]


ƒ Proxy (Middleware)

○  (Static)   prerendered as static content
ƒ  (Dynamic)  server-rendered on demand

